{
  "type": "Parallel",
  "nodes": [
    {
      "type": "Sequence",
      "nodes": [
        {
          "type": "Resolver",
          "strategy": "Parallel",
          "selections": [
            {
              "id": 0,
              "field": "Query.hero",
              "responseName": "hero"
            },
            {
              "id": 2,
              "field": "Human.friends",
              "responseName": "friends"
            },
            {
              "id": 7,
              "field": "Droid.friends",
              "responseName": "friends"
            }
          ]
        },
        {
          "type": "Resolver",
          "strategy": "Serial",
          "selections": [
            {
              "id": 1,
              "field": "Human.name",
              "responseName": "name"
            }
          ]
        }
      ]
    },
    {
      "type": "Resolver",
      "strategy": "Parallel",
      "selections": [
        {
          "id": 3,
          "field": "CharacterConnection.nodes",
          "responseName": "nodes",
          "pure": true
        },
        {
          "id": 8,
          "field": "CharacterConnection.nodes",
          "responseName": "nodes",
          "pure": true
        }
      ]
    }
  ]
}
