{
  "data": {
    "leftComparison": {
      "name": "Luke Skywalker",
      "appearsIn": [
        "NEW_HOPE",
        "EMPIRE",
        "JEDI"
      ],
      "friends": {
        "nodes": [
          {},
          {},
          {
            "name": "C-3PO"
          },
          {
            "name": "R2-D2"
          }
        ]
      }
    },
    "rightComparison": {
      "name": "R2-D2",
      "appearsIn": [
        "NEW_HOPE",
        "EMPIRE",
        "JEDI"
      ],
      "friends": {
        "nodes": [
          {},
          {},
          {}
        ]
      }
    }
  }
}
